Archive member included because of file (symbol)

d:/WinAVR/lib/gcc/avr/3.4.5/avr4\libgcc.a(_divmodhi4.o)
                              a1.o (__divmodhi4)
d:/WinAVR/lib/gcc/avr/3.4.5/avr4\libgcc.a(_copy_data.o)
                              a1.o (__do_copy_data)
d:/WinAVR/lib/gcc/avr/3.4.5/avr4\libgcc.a(_clear_bss.o)
                              a1.o (__do_clear_bss)
d:/WinAVR/lib/gcc/avr/3.4.5/avr4\libgcc.a(_udivmodhi4.o)
                              d:/WinAVR/lib/gcc/avr/3.4.5/avr4\libgcc.a(_divmodhi4.o) (__udivmodhi4)

Allocating common symbols
Common symbol       size              file

MASTER_PWM          0x1               a1.o
Actual_input        0x1               a1.o
PERCENTAGE_RIGHT_PWM
                    0x1               a1.o
PERCENTAGE_LEFT_PWM
                    0x1               a1.o

Memory Configuration

Name             Origin             Length             Attributes
text             0x00000000         0x00002000         xr
data             0x00800060         0x0000ffa0         rw !x
eeprom           0x00810000         0x00010000         rw !x
*default*        0x00000000         0xffffffff

Linker script and memory map

LOAD d:/winavr/bin/../lib/gcc/avr/3.4.5/../../../../avr/lib/avr4/crtm8.o
LOAD a1.o
LOAD d:/winavr/bin/../lib/gcc/avr/3.4.5/../../../../avr/lib/avr4\libm.a
LOAD d:/WinAVR/lib/gcc/avr/3.4.5/avr4\libgcc.a
LOAD d:/winavr/bin/../lib/gcc/avr/3.4.5/../../../../avr/lib/avr4\libc.a
LOAD d:/WinAVR/lib/gcc/avr/3.4.5/avr4\libgcc.a

.hash
 *(.hash)

.dynsym
 *(.dynsym)

.dynstr
 *(.dynstr)

.gnu.version
 *(.gnu.version)

.gnu.version_d
 *(.gnu.version_d)

.gnu.version_r
 *(.gnu.version_r)

.rel.init
 *(.rel.init)

.rela.init
 *(.rela.init)

.rel.text
 *(.rel.text)
 *(.rel.text.*)
 *(.rel.gnu.linkonce.t*)

.rela.text
 *(.rela.text)
 *(.rela.text.*)
 *(.rela.gnu.linkonce.t*)

.rel.fini
 *(.rel.fini)

.rela.fini
 *(.rela.fini)

.rel.rodata
 *(.rel.rodata)
 *(.rel.rodata.*)
 *(.rel.gnu.linkonce.r*)

.rela.rodata
 *(.rela.rodata)
 *(.rela.rodata.*)
 *(.rela.gnu.linkonce.r*)

.rel.data
 *(.rel.data)
 *(.rel.data.*)
 *(.rel.gnu.linkonce.d*)

.rela.data
 *(.rela.data)
 *(.rela.data.*)
 *(.rela.gnu.linkonce.d*)

.rel.ctors
 *(.rel.ctors)

.rela.ctors
 *(.rela.ctors)

.rel.dtors
 *(.rel.dtors)

.rela.dtors
 *(.rela.dtors)

.rel.got
 *(.rel.got)

.rela.got
 *(.rela.got)

.rel.bss
 *(.rel.bss)

.rela.bss
 *(.rela.bss)

.rel.plt
 *(.rel.plt)

.rela.plt
 *(.rela.plt)

.text           0x00000000      0x2fa
 *(.vectors)
 .vectors       0x00000000       0x26 d:/winavr/bin/../lib/gcc/avr/3.4.5/../../../../avr/lib/avr4/crtm8.o
                0x00000000                __vectors
                0x00000000                __vector_default
                0x00000026                __ctors_start = .
 *(.ctors)
                0x00000026                __ctors_end = .
                0x00000026                __dtors_start = .
 *(.dtors)
                0x00000026                __dtors_end = .
 *(.progmem.gcc*)
 .progmem.gcc_sw_table
                0x00000026       0x38 a1.o
 *(.progmem*)
                0x0000005e                . = ALIGN (0x2)
 *(.init0)
 *(.init1)
 *(.init2)
 .init2         0x0000005e        0xc d:/winavr/bin/../lib/gcc/avr/3.4.5/../../../../avr/lib/avr4/crtm8.o
 *(.init3)
 *(.init4)
 .init4         0x0000006a       0x16 d:/WinAVR/lib/gcc/avr/3.4.5/avr4\libgcc.a(_copy_data.o)
                0x0000006a                __do_copy_data
 .init4         0x00000080       0x10 d:/WinAVR/lib/gcc/avr/3.4.5/avr4\libgcc.a(_clear_bss.o)
                0x00000080                __do_clear_bss
 *(.init5)
 *(.init6)
 *(.init7)
 *(.init8)
 *(.init9)
 .init9         0x00000090        0x2 d:/winavr/bin/../lib/gcc/avr/3.4.5/../../../../avr/lib/avr4/crtm8.o
 *(.text)
 .text          0x00000092        0x2 d:/winavr/bin/../lib/gcc/avr/3.4.5/../../../../avr/lib/avr4/crtm8.o
                0x00000092                __vector_12
                0x00000092                __bad_interrupt
                0x00000092                __vector_6
                0x00000092                __vector_3
                0x00000092                __vector_11
                0x00000092                __vector_13
                0x00000092                __vector_17
                0x00000092                __vector_7
                0x00000092                __vector_5
                0x00000092                __vector_4
                0x00000092                __vector_9
                0x00000092                __vector_15
                0x00000092                __vector_8
                0x00000092                __vector_14
                0x00000092                __vector_10
                0x00000092                __vector_16
                0x00000092                __vector_18
 .text          0x00000094      0x218 a1.o
                0x00000094                __vector_1
                0x000000d0                main
                0x000000b2                __vector_2
                0x000002ac                . = ALIGN (0x2)
 *(.text.*)
 .text.libgcc   0x000002ac       0x26 d:/WinAVR/lib/gcc/avr/3.4.5/avr4\libgcc.a(_divmodhi4.o)
                0x000002ac                __divmodhi4
                0x000002ac                _div
 .text.libgcc   0x000002d2       0x28 d:/WinAVR/lib/gcc/avr/3.4.5/avr4\libgcc.a(_udivmodhi4.o)
                0x000002d2                __udivmodhi4
                0x000002fa                . = ALIGN (0x2)
 *(.fini9)
 *(.fini8)
 *(.fini7)
 *(.fini6)
 *(.fini5)
 *(.fini4)
 *(.fini3)
 *(.fini2)
 *(.fini1)
 *(.fini0)
                0x000002fa                _etext = .

.data           0x00800060        0x2 load address 0x000002fa
                0x00800060                PROVIDE (__data_start, .)
 *(.data)
 .data          0x00800060        0x1 a1.o
                0x00800060                PERCENTAGE_PWM_STEP_SIZE
 *(.gnu.linkonce.d*)
                0x00800062                . = ALIGN (0x2)
 *fill*         0x00800061        0x1 00
                0x00800062                _edata = .
                0x00800062                PROVIDE (__data_end, .)

.bss            0x00800062        0x6
                0x00800062                PROVIDE (__bss_start, .)
 *(.bss)
 .bss           0x00800062        0x2 a1.o
                0x00800063                REVERSE_LEFT_RIGHT_MOTOR
                0x00800062                LAST_INPUT
 *(COMMON)
 COMMON         0x00800064        0x4 a1.o
                0x00800064                MASTER_PWM
                0x00800065                Actual_input
                0x00800066                PERCENTAGE_RIGHT_PWM
                0x00800067                PERCENTAGE_LEFT_PWM
                0x00800068                PROVIDE (__bss_end, .)
                0x000002fa                __data_load_start = LOADADDR (.data)
                0x000002fc                __data_load_end = (__data_load_start + SIZEOF (.data))

.noinit         0x00800068        0x0
                0x00800068                PROVIDE (__noinit_start, .)
 *(.noinit*)
                0x00800068                PROVIDE (__noinit_end, .)
                0x00800068                _end = .
                0x00800068                PROVIDE (__heap_start, .)

.eeprom         0x00810000        0x0
 *(.eeprom*)
                0x00810000                __eeprom_end = .

.stab           0x00000000      0x948
 *(.stab)
 .stab          0x00000000      0x36c d:/winavr/bin/../lib/gcc/avr/3.4.5/../../../../avr/lib/avr4/crtm8.o
 .stab          0x0000036c      0x5dc a1.o
                                0x5e8 (size before relaxing)

.stabstr        0x00000000      0x7d7
 *(.stabstr)
 .stabstr       0x00000000      0x7d7 d:/winavr/bin/../lib/gcc/avr/3.4.5/../../../../avr/lib/avr4/crtm8.o

.stab.excl
 *(.stab.excl)

.stab.exclstr
 *(.stab.exclstr)

.stab.index
 *(.stab.index)

.stab.indexstr
 *(.stab.indexstr)

.comment
 *(.comment)

.debug
 *(.debug)

.line
 *(.line)

.debug_srcinfo
 *(.debug_srcinfo)

.debug_sfnames
 *(.debug_sfnames)

.debug_aranges
 *(.debug_aranges)

.debug_pubnames
 *(.debug_pubnames)

.debug_info
 *(.debug_info)
 *(.gnu.linkonce.wi.*)

.debug_abbrev
 *(.debug_abbrev)

.debug_line
 *(.debug_line)

.debug_frame
 *(.debug_frame)

.debug_str
 *(.debug_str)

.debug_loc
 *(.debug_loc)

.debug_macinfo
 *(.debug_macinfo)
OUTPUT(a1.elf elf32-avr)

Cross Reference Table

Symbol                                            File
Actual_input                                      a1.o
LAST_INPUT                                        a1.o
MASTER_PWM                                        a1.o
PERCENTAGE_LEFT_PWM                               a1.o
PERCENTAGE_PWM_STEP_SIZE                          a1.o
PERCENTAGE_RIGHT_PWM                              a1.o
REVERSE_LEFT_RIGHT_MOTOR                          a1.o
__bad_interrupt                                   d:/winavr/bin/../lib/gcc/avr/3.4.5/../../../../avr/lib/avr4/crtm8.o
__bss_end                                         d:/WinAVR/lib/gcc/avr/3.4.5/avr4\libgcc.a(_clear_bss.o)
__bss_start                                       d:/WinAVR/lib/gcc/avr/3.4.5/avr4\libgcc.a(_clear_bss.o)
__data_end                                        d:/WinAVR/lib/gcc/avr/3.4.5/avr4\libgcc.a(_copy_data.o)
__data_load_start                                 d:/WinAVR/lib/gcc/avr/3.4.5/avr4\libgcc.a(_copy_data.o)
__data_start                                      d:/WinAVR/lib/gcc/avr/3.4.5/avr4\libgcc.a(_copy_data.o)
__divmodhi4                                       d:/WinAVR/lib/gcc/avr/3.4.5/avr4\libgcc.a(_divmodhi4.o)
                                                  a1.o
__do_clear_bss                                    d:/WinAVR/lib/gcc/avr/3.4.5/avr4\libgcc.a(_clear_bss.o)
                                                  a1.o
__do_copy_data                                    d:/WinAVR/lib/gcc/avr/3.4.5/avr4\libgcc.a(_copy_data.o)
                                                  a1.o
__heap_end                                        d:/winavr/bin/../lib/gcc/avr/3.4.5/../../../../avr/lib/avr4/crtm8.o
__init                                            d:/winavr/bin/../lib/gcc/avr/3.4.5/../../../../avr/lib/avr4/crtm8.o
__stack                                           d:/winavr/bin/../lib/gcc/avr/3.4.5/../../../../avr/lib/avr4/crtm8.o
                                                  a1.o
__udivmodhi4                                      d:/WinAVR/lib/gcc/avr/3.4.5/avr4\libgcc.a(_udivmodhi4.o)
                                                  d:/WinAVR/lib/gcc/avr/3.4.5/avr4\libgcc.a(_divmodhi4.o)
__vector_1                                        a1.o
                                                  d:/winavr/bin/../lib/gcc/avr/3.4.5/../../../../avr/lib/avr4/crtm8.o
__vector_10                                       d:/winavr/bin/../lib/gcc/avr/3.4.5/../../../../avr/lib/avr4/crtm8.o
__vector_11                                       d:/winavr/bin/../lib/gcc/avr/3.4.5/../../../../avr/lib/avr4/crtm8.o
__vector_12                                       d:/winavr/bin/../lib/gcc/avr/3.4.5/../../../../avr/lib/avr4/crtm8.o
__vector_13                                       d:/winavr/bin/../lib/gcc/avr/3.4.5/../../../../avr/lib/avr4/crtm8.o
__vector_14                                       d:/winavr/bin/../lib/gcc/avr/3.4.5/../../../../avr/lib/avr4/crtm8.o
__vector_15                                       d:/winavr/bin/../lib/gcc/avr/3.4.5/../../../../avr/lib/avr4/crtm8.o
__vector_16                                       d:/winavr/bin/../lib/gcc/avr/3.4.5/../../../../avr/lib/avr4/crtm8.o
__vector_17                                       d:/winavr/bin/../lib/gcc/avr/3.4.5/../../../../avr/lib/avr4/crtm8.o
__vector_18                                       d:/winavr/bin/../lib/gcc/avr/3.4.5/../../../../avr/lib/avr4/crtm8.o
__vector_2                                        a1.o
                                                  d:/winavr/bin/../lib/gcc/avr/3.4.5/../../../../avr/lib/avr4/crtm8.o
__vector_3                                        d:/winavr/bin/../lib/gcc/avr/3.4.5/../../../../avr/lib/avr4/crtm8.o
__vector_4                                        d:/winavr/bin/../lib/gcc/avr/3.4.5/../../../../avr/lib/avr4/crtm8.o
__vector_5                                        d:/winavr/bin/../lib/gcc/avr/3.4.5/../../../../avr/lib/avr4/crtm8.o
__vector_6                                        d:/winavr/bin/../lib/gcc/avr/3.4.5/../../../../avr/lib/avr4/crtm8.o
__vector_7                                        d:/winavr/bin/../lib/gcc/avr/3.4.5/../../../../avr/lib/avr4/crtm8.o
__vector_8                                        d:/winavr/bin/../lib/gcc/avr/3.4.5/../../../../avr/lib/avr4/crtm8.o
__vector_9                                        d:/winavr/bin/../lib/gcc/avr/3.4.5/../../../../avr/lib/avr4/crtm8.o
__vector_default                                  d:/winavr/bin/../lib/gcc/avr/3.4.5/../../../../avr/lib/avr4/crtm8.o
__vectors                                         d:/winavr/bin/../lib/gcc/avr/3.4.5/../../../../avr/lib/avr4/crtm8.o
_div                                              d:/WinAVR/lib/gcc/avr/3.4.5/avr4\libgcc.a(_divmodhi4.o)
main                                              a1.o
                                                  d:/winavr/bin/../lib/gcc/avr/3.4.5/../../../../avr/lib/avr4/crtm8.o
