Archive member included because of file (symbol)

/usr/lib/gcc/avr/4.3.0/avr4/libgcc.a(_exit.o)
                              /usr/lib/gcc/avr/4.3.0/../../../../avr/lib/avr4/crtm8.o (exit)
/usr/lib/gcc/avr/4.3.0/avr4/libgcc.a(_copy_data.o)
                              sumoTry.o (__do_copy_data)
/usr/lib/gcc/avr/4.3.0/avr4/libgcc.a(_clear_bss.o)
                              sumoTry.o (__do_clear_bss)

Allocating common symbols
Common symbol       size              file

MASTER_PWM          0x1               sumoTry.o
botSensors          0x1               sumoTry.o
lineSensors         0x1               sumoTry.o

Memory Configuration

Name             Origin             Length             Attributes
text             0x00000000         0x00002000         xr
data             0x00800060         0x0000ffa0         rw !x
eeprom           0x00810000         0x00010000         rw !x
fuse             0x00820000         0x00000400         rw !x
lock             0x00830000         0x00000400         rw !x
signature        0x00840000         0x00000400         rw !x
*default*        0x00000000         0xffffffff

Linker script and memory map

LOAD /usr/lib/gcc/avr/4.3.0/../../../../avr/lib/avr4/crtm8.o
LOAD sumoTry.o
LOAD /usr/lib/gcc/avr/4.3.0/../../../../avr/lib/avr4/libm.a
LOAD /usr/lib/gcc/avr/4.3.0/avr4/libgcc.a
LOAD /usr/lib/gcc/avr/4.3.0/../../../../avr/lib/avr4/libc.a
LOAD /usr/lib/gcc/avr/4.3.0/avr4/libgcc.a

.hash
 *(.hash)

.dynsym
 *(.dynsym)

.dynstr
 *(.dynstr)

.gnu.version
 *(.gnu.version)

.gnu.version_d
 *(.gnu.version_d)

.gnu.version_r
 *(.gnu.version_r)

.rel.init
 *(.rel.init)

.rela.init
 *(.rela.init)

.rel.text
 *(.rel.text)
 *(.rel.text.*)
 *(.rel.gnu.linkonce.t*)

.rela.text
 *(.rela.text)
 *(.rela.text.*)
 *(.rela.gnu.linkonce.t*)

.rel.fini
 *(.rel.fini)

.rela.fini
 *(.rela.fini)

.rel.rodata
 *(.rel.rodata)
 *(.rel.rodata.*)
 *(.rel.gnu.linkonce.r*)

.rela.rodata
 *(.rela.rodata)
 *(.rela.rodata.*)
 *(.rela.gnu.linkonce.r*)

.rel.data
 *(.rel.data)
 *(.rel.data.*)
 *(.rel.gnu.linkonce.d*)

.rela.data
 *(.rela.data)
 *(.rela.data.*)
 *(.rela.gnu.linkonce.d*)

.rel.ctors
 *(.rel.ctors)

.rela.ctors
 *(.rela.ctors)

.rel.dtors
 *(.rel.dtors)

.rela.dtors
 *(.rela.dtors)

.rel.got
 *(.rel.got)

.rela.got
 *(.rela.got)

.rel.bss
 *(.rel.bss)

.rela.bss
 *(.rela.bss)

.rel.plt
 *(.rel.plt)

.rela.plt
 *(.rela.plt)

.text           0x00000000      0x23a
 *(.vectors)
 .vectors       0x00000000       0x26 /usr/lib/gcc/avr/4.3.0/../../../../avr/lib/avr4/crtm8.o
                0x00000000                __vectors
                0x00000000                __vector_default
 *(.vectors)
 *(.progmem.gcc*)
 .progmem.gcc_sw_table
                0x00000026       0x40 sumoTry.o
 *(.progmem*)
                0x00000066                . = ALIGN (0x2)
                0x00000066                __trampolines_start = .
 *(.trampolines)
 .trampolines   0x00000066        0x0 linker stubs
 *(.trampolines*)
                0x00000066                __trampolines_end = .
 *(.jumptables)
 *(.jumptables*)
 *(.lowtext)
 *(.lowtext*)
                0x00000066                __ctors_start = .
 *(.ctors)
                0x00000066                __ctors_end = .
                0x00000066                __dtors_start = .
 *(.dtors)
                0x00000066                __dtors_end = .
 SORT(*)(.ctors)
 SORT(*)(.dtors)
 *(.init0)
 .init0         0x00000066        0x0 /usr/lib/gcc/avr/4.3.0/../../../../avr/lib/avr4/crtm8.o
                0x00000066                __init
 *(.init0)
 *(.init1)
 *(.init1)
 *(.init2)
 .init2         0x00000066        0xc /usr/lib/gcc/avr/4.3.0/../../../../avr/lib/avr4/crtm8.o
 *(.init2)
 *(.init3)
 *(.init3)
 *(.init4)
 .init4         0x00000072       0x16 /usr/lib/gcc/avr/4.3.0/avr4/libgcc.a(_copy_data.o)
                0x00000072                __do_copy_data
 .init4         0x00000088       0x10 /usr/lib/gcc/avr/4.3.0/avr4/libgcc.a(_clear_bss.o)
                0x00000088                __do_clear_bss
 *(.init4)
 *(.init5)
 *(.init5)
 *(.init6)
 *(.init6)
 *(.init7)
 *(.init7)
 *(.init8)
 *(.init8)
 *(.init9)
 .init9         0x00000098        0x4 /usr/lib/gcc/avr/4.3.0/../../../../avr/lib/avr4/crtm8.o
 *(.init9)
 *(.text)
 .text          0x0000009c        0x2 /usr/lib/gcc/avr/4.3.0/../../../../avr/lib/avr4/crtm8.o
                0x0000009c                __vector_1
                0x0000009c                __vector_12
                0x0000009c                __bad_interrupt
                0x0000009c                __vector_6
                0x0000009c                __vector_3
                0x0000009c                __vector_11
                0x0000009c                __vector_13
                0x0000009c                __vector_17
                0x0000009c                __vector_7
                0x0000009c                __vector_5
                0x0000009c                __vector_4
                0x0000009c                __vector_9
                0x0000009c                __vector_2
                0x0000009c                __vector_15
                0x0000009c                __vector_8
                0x0000009c                __vector_14
                0x0000009c                __vector_10
                0x0000009c                __vector_16
                0x0000009c                __vector_18
 .text          0x0000009e      0x198 sumoTry.o
                0x0000009e                calc
                0x000000da                main
                0x000000b8                main_initialize
 .text          0x00000236        0x0 /usr/lib/gcc/avr/4.3.0/avr4/libgcc.a(_exit.o)
 .text          0x00000236        0x0 /usr/lib/gcc/avr/4.3.0/avr4/libgcc.a(_copy_data.o)
 .text          0x00000236        0x0 /usr/lib/gcc/avr/4.3.0/avr4/libgcc.a(_clear_bss.o)
                0x00000236                . = ALIGN (0x2)
 *(.text.*)
 .text.libgcc   0x00000236        0x0 /usr/lib/gcc/avr/4.3.0/avr4/libgcc.a(_exit.o)
 .text.libgcc   0x00000236        0x0 /usr/lib/gcc/avr/4.3.0/avr4/libgcc.a(_copy_data.o)
 .text.libgcc   0x00000236        0x0 /usr/lib/gcc/avr/4.3.0/avr4/libgcc.a(_clear_bss.o)
                0x00000236                . = ALIGN (0x2)
 *(.fini9)
 .fini9         0x00000236        0x0 /usr/lib/gcc/avr/4.3.0/avr4/libgcc.a(_exit.o)
                0x00000236                exit
                0x00000236                _exit
 *(.fini9)
 *(.fini8)
 *(.fini8)
 *(.fini7)
 *(.fini7)
 *(.fini6)
 *(.fini6)
 *(.fini5)
 *(.fini5)
 *(.fini4)
 *(.fini4)
 *(.fini3)
 *(.fini3)
 *(.fini2)
 *(.fini2)
 *(.fini1)
 *(.fini1)
 *(.fini0)
 .fini0         0x00000236        0x4 /usr/lib/gcc/avr/4.3.0/avr4/libgcc.a(_exit.o)
 *(.fini0)
                0x0000023a                _etext = .

.data           0x00800060        0x0 load address 0x0000023a
                0x00800060                PROVIDE (__data_start, .)
 *(.data)
 .data          0x00800060        0x0 /usr/lib/gcc/avr/4.3.0/../../../../avr/lib/avr4/crtm8.o
 .data          0x00800060        0x0 sumoTry.o
 .data          0x00800060        0x0 /usr/lib/gcc/avr/4.3.0/avr4/libgcc.a(_exit.o)
 .data          0x00800060        0x0 /usr/lib/gcc/avr/4.3.0/avr4/libgcc.a(_copy_data.o)
 .data          0x00800060        0x0 /usr/lib/gcc/avr/4.3.0/avr4/libgcc.a(_clear_bss.o)
 *(.data*)
 *(.rodata)
 *(.rodata*)
 *(.gnu.linkonce.d*)
                0x00800060                . = ALIGN (0x2)
                0x00800060                _edata = .
                0x00800060                PROVIDE (__data_end, .)

.bss            0x00800060        0x3 load address 0x0000023a
                0x00800060                PROVIDE (__bss_start, .)
 *(.bss)
 .bss           0x00800060        0x0 /usr/lib/gcc/avr/4.3.0/../../../../avr/lib/avr4/crtm8.o
 .bss           0x00800060        0x0 sumoTry.o
 .bss           0x00800060        0x0 /usr/lib/gcc/avr/4.3.0/avr4/libgcc.a(_exit.o)
 .bss           0x00800060        0x0 /usr/lib/gcc/avr/4.3.0/avr4/libgcc.a(_copy_data.o)
 .bss           0x00800060        0x0 /usr/lib/gcc/avr/4.3.0/avr4/libgcc.a(_clear_bss.o)
 *(.bss*)
 *(COMMON)
 COMMON         0x00800060        0x3 sumoTry.o
                0x00800060                MASTER_PWM
                0x00800061                botSensors
                0x00800062                lineSensors
                0x00800063                PROVIDE (__bss_end, .)
                0x0000023a                __data_load_start = LOADADDR (.data)
                0x0000023a                __data_load_end = (__data_load_start + SIZEOF (.data))

.noinit         0x00800063        0x0
                0x00800063                PROVIDE (__noinit_start, .)
 *(.noinit*)
                0x00800063                PROVIDE (__noinit_end, .)
                0x00800063                _end = .
                0x00800063                PROVIDE (__heap_start, .)

.eeprom         0x00810000        0x0
 *(.eeprom*)
                0x00810000                __eeprom_end = .

.fuse
 *(.fuse)
 *(.lfuse)
 *(.hfuse)
 *(.efuse)

.lock
 *(.lock*)

.signature
 *(.signature*)

.stab           0x00000000      0xe10
 *(.stab)
 .stab          0x00000000      0x6b4 /usr/lib/gcc/avr/4.3.0/../../../../avr/lib/avr4/crtm8.o
 .stab          0x000006b4      0x75c sumoTry.o
                                0x768 (size before relaxing)

.stabstr        0x00000000      0x79b
 *(.stabstr)
 .stabstr       0x00000000      0x79b /usr/lib/gcc/avr/4.3.0/../../../../avr/lib/avr4/crtm8.o

.stab.excl
 *(.stab.excl)

.stab.exclstr
 *(.stab.exclstr)

.stab.index
 *(.stab.index)

.stab.indexstr
 *(.stab.indexstr)

.comment
 *(.comment)

.debug
 *(.debug)

.line
 *(.line)

.debug_srcinfo
 *(.debug_srcinfo)

.debug_sfnames
 *(.debug_sfnames)

.debug_aranges
 *(.debug_aranges)

.debug_pubnames
 *(.debug_pubnames)

.debug_info
 *(.debug_info)
 *(.gnu.linkonce.wi.*)

.debug_abbrev
 *(.debug_abbrev)

.debug_line
 *(.debug_line)

.debug_frame
 *(.debug_frame)

.debug_str
 *(.debug_str)

.debug_loc
 *(.debug_loc)

.debug_macinfo
 *(.debug_macinfo)
OUTPUT(sumoTry.elf elf32-avr)
LOAD linker stubs

Cross Reference Table

Symbol                                            File
MASTER_PWM                                        sumoTry.o
__bad_interrupt                                   /usr/lib/gcc/avr/4.3.0/../../../../avr/lib/avr4/crtm8.o
__bss_end                                         /usr/lib/gcc/avr/4.3.0/avr4/libgcc.a(_clear_bss.o)
__bss_start                                       /usr/lib/gcc/avr/4.3.0/avr4/libgcc.a(_clear_bss.o)
__data_end                                        /usr/lib/gcc/avr/4.3.0/avr4/libgcc.a(_copy_data.o)
__data_load_start                                 /usr/lib/gcc/avr/4.3.0/avr4/libgcc.a(_copy_data.o)
__data_start                                      /usr/lib/gcc/avr/4.3.0/avr4/libgcc.a(_copy_data.o)
__do_clear_bss                                    /usr/lib/gcc/avr/4.3.0/avr4/libgcc.a(_clear_bss.o)
                                                  sumoTry.o
__do_copy_data                                    /usr/lib/gcc/avr/4.3.0/avr4/libgcc.a(_copy_data.o)
                                                  sumoTry.o
__heap_end                                        /usr/lib/gcc/avr/4.3.0/../../../../avr/lib/avr4/crtm8.o
__init                                            /usr/lib/gcc/avr/4.3.0/../../../../avr/lib/avr4/crtm8.o
__stack                                           /usr/lib/gcc/avr/4.3.0/../../../../avr/lib/avr4/crtm8.o
__vector_1                                        /usr/lib/gcc/avr/4.3.0/../../../../avr/lib/avr4/crtm8.o
__vector_10                                       /usr/lib/gcc/avr/4.3.0/../../../../avr/lib/avr4/crtm8.o
__vector_11                                       /usr/lib/gcc/avr/4.3.0/../../../../avr/lib/avr4/crtm8.o
__vector_12                                       /usr/lib/gcc/avr/4.3.0/../../../../avr/lib/avr4/crtm8.o
__vector_13                                       /usr/lib/gcc/avr/4.3.0/../../../../avr/lib/avr4/crtm8.o
__vector_14                                       /usr/lib/gcc/avr/4.3.0/../../../../avr/lib/avr4/crtm8.o
__vector_15                                       /usr/lib/gcc/avr/4.3.0/../../../../avr/lib/avr4/crtm8.o
__vector_16                                       /usr/lib/gcc/avr/4.3.0/../../../../avr/lib/avr4/crtm8.o
__vector_17                                       /usr/lib/gcc/avr/4.3.0/../../../../avr/lib/avr4/crtm8.o
__vector_18                                       /usr/lib/gcc/avr/4.3.0/../../../../avr/lib/avr4/crtm8.o
__vector_2                                        /usr/lib/gcc/avr/4.3.0/../../../../avr/lib/avr4/crtm8.o
__vector_3                                        /usr/lib/gcc/avr/4.3.0/../../../../avr/lib/avr4/crtm8.o
__vector_4                                        /usr/lib/gcc/avr/4.3.0/../../../../avr/lib/avr4/crtm8.o
__vector_5                                        /usr/lib/gcc/avr/4.3.0/../../../../avr/lib/avr4/crtm8.o
__vector_6                                        /usr/lib/gcc/avr/4.3.0/../../../../avr/lib/avr4/crtm8.o
__vector_7                                        /usr/lib/gcc/avr/4.3.0/../../../../avr/lib/avr4/crtm8.o
__vector_8                                        /usr/lib/gcc/avr/4.3.0/../../../../avr/lib/avr4/crtm8.o
__vector_9                                        /usr/lib/gcc/avr/4.3.0/../../../../avr/lib/avr4/crtm8.o
__vector_default                                  /usr/lib/gcc/avr/4.3.0/../../../../avr/lib/avr4/crtm8.o
__vectors                                         /usr/lib/gcc/avr/4.3.0/../../../../avr/lib/avr4/crtm8.o
_exit                                             /usr/lib/gcc/avr/4.3.0/avr4/libgcc.a(_exit.o)
botSensors                                        sumoTry.o
calc                                              sumoTry.o
exit                                              /usr/lib/gcc/avr/4.3.0/avr4/libgcc.a(_exit.o)
                                                  /usr/lib/gcc/avr/4.3.0/../../../../avr/lib/avr4/crtm8.o
lineSensors                                       sumoTry.o
main                                              sumoTry.o
                                                  /usr/lib/gcc/avr/4.3.0/../../../../avr/lib/avr4/crtm8.o
main_initialize                                   sumoTry.o
