Archive member included because of file (symbol)

d:/WinAVR/lib/gcc/avr/3.4.5/avr4\libgcc.a(_copy_data.o)
                              FirstIP.o (__do_copy_data)
d:/WinAVR/lib/gcc/avr/3.4.5/avr4\libgcc.a(_clear_bss.o)
                              FirstIP.o (__do_clear_bss)

Memory Configuration

Name             Origin             Length             Attributes
text             0x00000000         0x00002000         xr
data             0x00800060         0x0000ffa0         rw !x
eeprom           0x00810000         0x00010000         rw !x
*default*        0x00000000         0xffffffff

Linker script and memory map

LOAD d:/winavr/bin/../lib/gcc/avr/3.4.5/../../../../avr/lib/avr4/crtm8.o
LOAD FirstIP.o
LOAD d:/winavr/bin/../lib/gcc/avr/3.4.5/../../../../avr/lib/avr4\libm.a
LOAD d:/WinAVR/lib/gcc/avr/3.4.5/avr4\libgcc.a
LOAD d:/winavr/bin/../lib/gcc/avr/3.4.5/../../../../avr/lib/avr4\libc.a
LOAD d:/WinAVR/lib/gcc/avr/3.4.5/avr4\libgcc.a

.hash
 *(.hash)

.dynsym
 *(.dynsym)

.dynstr
 *(.dynstr)

.gnu.version
 *(.gnu.version)

.gnu.version_d
 *(.gnu.version_d)

.gnu.version_r
 *(.gnu.version_r)

.rel.init
 *(.rel.init)

.rela.init
 *(.rela.init)

.rel.text
 *(.rel.text)
 *(.rel.text.*)
 *(.rel.gnu.linkonce.t*)

.rela.text
 *(.rela.text)
 *(.rela.text.*)
 *(.rela.gnu.linkonce.t*)

.rel.fini
 *(.rel.fini)

.rela.fini
 *(.rela.fini)

.rel.rodata
 *(.rel.rodata)
 *(.rel.rodata.*)
 *(.rel.gnu.linkonce.r*)

.rela.rodata
 *(.rela.rodata)
 *(.rela.rodata.*)
 *(.rela.gnu.linkonce.r*)

.rel.data
 *(.rel.data)
 *(.rel.data.*)
 *(.rel.gnu.linkonce.d*)

.rela.data
 *(.rela.data)
 *(.rela.data.*)
 *(.rela.gnu.linkonce.d*)

.rel.ctors
 *(.rel.ctors)

.rela.ctors
 *(.rela.ctors)

.rel.dtors
 *(.rel.dtors)

.rela.dtors
 *(.rela.dtors)

.rel.got
 *(.rel.got)

.rela.got
 *(.rela.got)

.rel.bss
 *(.rel.bss)

.rela.bss
 *(.rela.bss)

.rel.plt
 *(.rel.plt)

.rela.plt
 *(.rela.plt)

.text           0x00000000       0xba
 *(.vectors)
 .vectors       0x00000000       0x26 d:/winavr/bin/../lib/gcc/avr/3.4.5/../../../../avr/lib/avr4/crtm8.o
                0x00000000                __vectors
                0x00000000                __vector_default
                0x00000026                __ctors_start = .
 *(.ctors)
                0x00000026                __ctors_end = .
                0x00000026                __dtors_start = .
 *(.dtors)
                0x00000026                __dtors_end = .
 *(.progmem.gcc*)
 *(.progmem*)
                0x00000026                . = ALIGN (0x2)
 *(.init0)
 *(.init1)
 *(.init2)
 .init2         0x00000026        0xc d:/winavr/bin/../lib/gcc/avr/3.4.5/../../../../avr/lib/avr4/crtm8.o
 *(.init3)
 *(.init4)
 .init4         0x00000032       0x16 d:/WinAVR/lib/gcc/avr/3.4.5/avr4\libgcc.a(_copy_data.o)
                0x00000032                __do_copy_data
 .init4         0x00000048       0x10 d:/WinAVR/lib/gcc/avr/3.4.5/avr4\libgcc.a(_clear_bss.o)
                0x00000048                __do_clear_bss
 *(.init5)
 *(.init6)
 *(.init7)
 *(.init8)
 *(.init9)
 .init9         0x00000058        0x2 d:/winavr/bin/../lib/gcc/avr/3.4.5/../../../../avr/lib/avr4/crtm8.o
 *(.text)
 .text          0x0000005a        0x2 d:/winavr/bin/../lib/gcc/avr/3.4.5/../../../../avr/lib/avr4/crtm8.o
                0x0000005a                __vector_1
                0x0000005a                __vector_12
                0x0000005a                __bad_interrupt
                0x0000005a                __vector_6
                0x0000005a                __vector_3
                0x0000005a                __vector_11
                0x0000005a                __vector_13
                0x0000005a                __vector_17
                0x0000005a                __vector_7
                0x0000005a                __vector_5
                0x0000005a                __vector_4
                0x0000005a                __vector_9
                0x0000005a                __vector_2
                0x0000005a                __vector_15
                0x0000005a                __vector_8
                0x0000005a                __vector_14
                0x0000005a                __vector_10
                0x0000005a                __vector_16
                0x0000005a                __vector_18
 .text          0x0000005c       0x5e FirstIP.o
                0x0000005c                USART_Init
                0x0000007a                main
                0x00000070                USART_Receive
                0x000000ba                . = ALIGN (0x2)
 *(.text.*)
                0x000000ba                . = ALIGN (0x2)
 *(.fini9)
 *(.fini8)
 *(.fini7)
 *(.fini6)
 *(.fini5)
 *(.fini4)
 *(.fini3)
 *(.fini2)
 *(.fini1)
 *(.fini0)
                0x000000ba                _etext = .

.data           0x00800060        0x0 load address 0x000000ba
                0x00800060                PROVIDE (__data_start, .)
 *(.data)
 *(.gnu.linkonce.d*)
                0x00800060                . = ALIGN (0x2)
                0x00800060                _edata = .
                0x00800060                PROVIDE (__data_end, .)

.bss            0x00800060        0x0
                0x00800060                PROVIDE (__bss_start, .)
 *(.bss)
 *(COMMON)
                0x00800060                PROVIDE (__bss_end, .)
                0x000000ba                __data_load_start = LOADADDR (.data)
                0x000000ba                __data_load_end = (__data_load_start + SIZEOF (.data))

.noinit         0x00800060        0x0
                0x00800060                PROVIDE (__noinit_start, .)
 *(.noinit*)
                0x00800060                PROVIDE (__noinit_end, .)
                0x00800060                _end = .
                0x00800060                PROVIDE (__heap_start, .)

.eeprom         0x00810000        0x0
 *(.eeprom*)
                0x00810000                __eeprom_end = .

.stab           0x00000000      0x810
 *(.stab)
 .stab          0x00000000      0x36c d:/winavr/bin/../lib/gcc/avr/3.4.5/../../../../avr/lib/avr4/crtm8.o
 .stab          0x0000036c      0x4a4 FirstIP.o
                                0x4b0 (size before relaxing)

.stabstr        0x00000000      0x778
 *(.stabstr)
 .stabstr       0x00000000      0x778 d:/winavr/bin/../lib/gcc/avr/3.4.5/../../../../avr/lib/avr4/crtm8.o

.stab.excl
 *(.stab.excl)

.stab.exclstr
 *(.stab.exclstr)

.stab.index
 *(.stab.index)

.stab.indexstr
 *(.stab.indexstr)

.comment
 *(.comment)

.debug
 *(.debug)

.line
 *(.line)

.debug_srcinfo
 *(.debug_srcinfo)

.debug_sfnames
 *(.debug_sfnames)

.debug_aranges
 *(.debug_aranges)

.debug_pubnames
 *(.debug_pubnames)

.debug_info
 *(.debug_info)
 *(.gnu.linkonce.wi.*)

.debug_abbrev
 *(.debug_abbrev)

.debug_line
 *(.debug_line)

.debug_frame
 *(.debug_frame)

.debug_str
 *(.debug_str)

.debug_loc
 *(.debug_loc)

.debug_macinfo
 *(.debug_macinfo)
OUTPUT(FirstIP.elf elf32-avr)

Cross Reference Table

Symbol                                            File
USART_Init                                        FirstIP.o
USART_Receive                                     FirstIP.o
__bad_interrupt                                   d:/winavr/bin/../lib/gcc/avr/3.4.5/../../../../avr/lib/avr4/crtm8.o
__bss_end                                         d:/WinAVR/lib/gcc/avr/3.4.5/avr4\libgcc.a(_clear_bss.o)
__bss_start                                       d:/WinAVR/lib/gcc/avr/3.4.5/avr4\libgcc.a(_clear_bss.o)
__data_end                                        d:/WinAVR/lib/gcc/avr/3.4.5/avr4\libgcc.a(_copy_data.o)
__data_load_start                                 d:/WinAVR/lib/gcc/avr/3.4.5/avr4\libgcc.a(_copy_data.o)
__data_start                                      d:/WinAVR/lib/gcc/avr/3.4.5/avr4\libgcc.a(_copy_data.o)
__do_clear_bss                                    d:/WinAVR/lib/gcc/avr/3.4.5/avr4\libgcc.a(_clear_bss.o)
                                                  FirstIP.o
__do_copy_data                                    d:/WinAVR/lib/gcc/avr/3.4.5/avr4\libgcc.a(_copy_data.o)
                                                  FirstIP.o
__heap_end                                        d:/winavr/bin/../lib/gcc/avr/3.4.5/../../../../avr/lib/avr4/crtm8.o
__init                                            d:/winavr/bin/../lib/gcc/avr/3.4.5/../../../../avr/lib/avr4/crtm8.o
__stack                                           d:/winavr/bin/../lib/gcc/avr/3.4.5/../../../../avr/lib/avr4/crtm8.o
                                                  FirstIP.o
__vector_1                                        d:/winavr/bin/../lib/gcc/avr/3.4.5/../../../../avr/lib/avr4/crtm8.o
__vector_10                                       d:/winavr/bin/../lib/gcc/avr/3.4.5/../../../../avr/lib/avr4/crtm8.o
__vector_11                                       d:/winavr/bin/../lib/gcc/avr/3.4.5/../../../../avr/lib/avr4/crtm8.o
__vector_12                                       d:/winavr/bin/../lib/gcc/avr/3.4.5/../../../../avr/lib/avr4/crtm8.o
__vector_13                                       d:/winavr/bin/../lib/gcc/avr/3.4.5/../../../../avr/lib/avr4/crtm8.o
__vector_14                                       d:/winavr/bin/../lib/gcc/avr/3.4.5/../../../../avr/lib/avr4/crtm8.o
__vector_15                                       d:/winavr/bin/../lib/gcc/avr/3.4.5/../../../../avr/lib/avr4/crtm8.o
__vector_16                                       d:/winavr/bin/../lib/gcc/avr/3.4.5/../../../../avr/lib/avr4/crtm8.o
__vector_17                                       d:/winavr/bin/../lib/gcc/avr/3.4.5/../../../../avr/lib/avr4/crtm8.o
__vector_18                                       d:/winavr/bin/../lib/gcc/avr/3.4.5/../../../../avr/lib/avr4/crtm8.o
__vector_2                                        d:/winavr/bin/../lib/gcc/avr/3.4.5/../../../../avr/lib/avr4/crtm8.o
__vector_3                                        d:/winavr/bin/../lib/gcc/avr/3.4.5/../../../../avr/lib/avr4/crtm8.o
__vector_4                                        d:/winavr/bin/../lib/gcc/avr/3.4.5/../../../../avr/lib/avr4/crtm8.o
__vector_5                                        d:/winavr/bin/../lib/gcc/avr/3.4.5/../../../../avr/lib/avr4/crtm8.o
__vector_6                                        d:/winavr/bin/../lib/gcc/avr/3.4.5/../../../../avr/lib/avr4/crtm8.o
__vector_7                                        d:/winavr/bin/../lib/gcc/avr/3.4.5/../../../../avr/lib/avr4/crtm8.o
__vector_8                                        d:/winavr/bin/../lib/gcc/avr/3.4.5/../../../../avr/lib/avr4/crtm8.o
__vector_9                                        d:/winavr/bin/../lib/gcc/avr/3.4.5/../../../../avr/lib/avr4/crtm8.o
__vector_default                                  d:/winavr/bin/../lib/gcc/avr/3.4.5/../../../../avr/lib/avr4/crtm8.o
__vectors                                         d:/winavr/bin/../lib/gcc/avr/3.4.5/../../../../avr/lib/avr4/crtm8.o
main                                              FirstIP.o
                                                  d:/winavr/bin/../lib/gcc/avr/3.4.5/../../../../avr/lib/avr4/crtm8.o
