Archive member included because of file (symbol)

G:/WinAVR/lib/gcc/avr/3.4.5/avr4\libgcc.a(_divmodhi4.o)
                              blackie.o (__divmodhi4)
G:/WinAVR/lib/gcc/avr/3.4.5/avr4\libgcc.a(_copy_data.o)
                              blackie.o (__do_copy_data)
G:/WinAVR/lib/gcc/avr/3.4.5/avr4\libgcc.a(_clear_bss.o)
                              blackie.o (__do_clear_bss)
G:/WinAVR/lib/gcc/avr/3.4.5/avr4\libgcc.a(_udivmodhi4.o)
                              G:/WinAVR/lib/gcc/avr/3.4.5/avr4\libgcc.a(_divmodhi4.o) (__udivmodhi4)

Allocating common symbols
Common symbol       size              file

MASTER_PWM          0x1               blackie.o

Memory Configuration

Name             Origin             Length             Attributes
text             0x00000000         0x00002000         xr
data             0x00800060         0x0000ffa0         rw !x
eeprom           0x00810000         0x00010000         rw !x
*default*        0x00000000         0xffffffff

Linker script and memory map

LOAD G:/WinAVR/bin/../lib/gcc/avr/3.4.5/../../../../avr/lib/avr4/crtm8.o
LOAD blackie.o
LOAD G:/WinAVR/bin/../lib/gcc/avr/3.4.5/../../../../avr/lib/avr4\libm.a
LOAD G:/WinAVR/lib/gcc/avr/3.4.5/avr4\libgcc.a
LOAD G:/WinAVR/bin/../lib/gcc/avr/3.4.5/../../../../avr/lib/avr4\libc.a
LOAD G:/WinAVR/lib/gcc/avr/3.4.5/avr4\libgcc.a

.hash
 *(.hash)

.dynsym
 *(.dynsym)

.dynstr
 *(.dynstr)

.gnu.version
 *(.gnu.version)

.gnu.version_d
 *(.gnu.version_d)

.gnu.version_r
 *(.gnu.version_r)

.rel.init
 *(.rel.init)

.rela.init
 *(.rela.init)

.rel.text
 *(.rel.text)
 *(.rel.text.*)
 *(.rel.gnu.linkonce.t*)

.rela.text
 *(.rela.text)
 *(.rela.text.*)
 *(.rela.gnu.linkonce.t*)

.rel.fini
 *(.rel.fini)

.rela.fini
 *(.rela.fini)

.rel.rodata
 *(.rel.rodata)
 *(.rel.rodata.*)
 *(.rel.gnu.linkonce.r*)

.rela.rodata
 *(.rela.rodata)
 *(.rela.rodata.*)
 *(.rela.gnu.linkonce.r*)

.rel.data
 *(.rel.data)
 *(.rel.data.*)
 *(.rel.gnu.linkonce.d*)

.rela.data
 *(.rela.data)
 *(.rela.data.*)
 *(.rela.gnu.linkonce.d*)

.rel.ctors
 *(.rel.ctors)

.rela.ctors
 *(.rela.ctors)

.rel.dtors
 *(.rel.dtors)

.rela.dtors
 *(.rela.dtors)

.rel.got
 *(.rel.got)

.rela.got
 *(.rela.got)

.rel.bss
 *(.rel.bss)

.rela.bss
 *(.rela.bss)

.rel.plt
 *(.rel.plt)

.rela.plt
 *(.rela.plt)

.text           0x00000000      0x228
 *(.vectors)
 .vectors       0x00000000       0x26 G:/WinAVR/bin/../lib/gcc/avr/3.4.5/../../../../avr/lib/avr4/crtm8.o
                0x00000000                __vectors
                0x00000000                __vector_default
                0x00000026                __ctors_start = .
 *(.ctors)
                0x00000026                __ctors_end = .
                0x00000026                __dtors_start = .
 *(.dtors)
                0x00000026                __dtors_end = .
 *(.progmem.gcc*)
 .progmem.gcc_sw_table
                0x00000026       0x40 blackie.o
 *(.progmem*)
                0x00000066                . = ALIGN (0x2)
 *(.init0)
 *(.init1)
 *(.init2)
 .init2         0x00000066        0xc G:/WinAVR/bin/../lib/gcc/avr/3.4.5/../../../../avr/lib/avr4/crtm8.o
 *(.init3)
 *(.init4)
 .init4         0x00000072       0x16 G:/WinAVR/lib/gcc/avr/3.4.5/avr4\libgcc.a(_copy_data.o)
                0x00000072                __do_copy_data
 .init4         0x00000088       0x10 G:/WinAVR/lib/gcc/avr/3.4.5/avr4\libgcc.a(_clear_bss.o)
                0x00000088                __do_clear_bss
 *(.init5)
 *(.init6)
 *(.init7)
 *(.init8)
 *(.init9)
 .init9         0x00000098        0x2 G:/WinAVR/bin/../lib/gcc/avr/3.4.5/../../../../avr/lib/avr4/crtm8.o
 *(.text)
 .text          0x0000009a        0x2 G:/WinAVR/bin/../lib/gcc/avr/3.4.5/../../../../avr/lib/avr4/crtm8.o
                0x0000009a                __vector_1
                0x0000009a                __vector_12
                0x0000009a                __bad_interrupt
                0x0000009a                __vector_6
                0x0000009a                __vector_3
                0x0000009a                __vector_11
                0x0000009a                __vector_13
                0x0000009a                __vector_17
                0x0000009a                __vector_7
                0x0000009a                __vector_5
                0x0000009a                __vector_4
                0x0000009a                __vector_9
                0x0000009a                __vector_2
                0x0000009a                __vector_15
                0x0000009a                __vector_8
                0x0000009a                __vector_14
                0x0000009a                __vector_10
                0x0000009a                __vector_16
                0x0000009a                __vector_18
 .text          0x0000009c      0x13e blackie.o
                0x0000009c                calc
                0x000000b8                main
                0x000001da                . = ALIGN (0x2)
 *(.text.*)
 .text.libgcc   0x000001da       0x26 G:/WinAVR/lib/gcc/avr/3.4.5/avr4\libgcc.a(_divmodhi4.o)
                0x000001da                __divmodhi4
                0x000001da                _div
 .text.libgcc   0x00000200       0x28 G:/WinAVR/lib/gcc/avr/3.4.5/avr4\libgcc.a(_udivmodhi4.o)
                0x00000200                __udivmodhi4
                0x00000228                . = ALIGN (0x2)
 *(.fini9)
 *(.fini8)
 *(.fini7)
 *(.fini6)
 *(.fini5)
 *(.fini4)
 *(.fini3)
 *(.fini2)
 *(.fini1)
 *(.fini0)
                0x00000228                _etext = .

.data           0x00800060        0x0 load address 0x00000228
                0x00800060                PROVIDE (__data_start, .)
 *(.data)
 *(.gnu.linkonce.d*)
                0x00800060                . = ALIGN (0x2)
                0x00800060                _edata = .
                0x00800060                PROVIDE (__data_end, .)

.bss            0x00800060        0x1
                0x00800060                PROVIDE (__bss_start, .)
 *(.bss)
 *(COMMON)
 COMMON         0x00800060        0x1 blackie.o
                0x00800060                MASTER_PWM
                0x00800061                PROVIDE (__bss_end, .)
                0x00000228                __data_load_start = LOADADDR (.data)
                0x00000228                __data_load_end = (__data_load_start + SIZEOF (.data))

.noinit         0x00800061        0x0
                0x00800061                PROVIDE (__noinit_start, .)
 *(.noinit*)
                0x00800061                PROVIDE (__noinit_end, .)
                0x00800061                _end = .
                0x00800061                PROVIDE (__heap_start, .)

.eeprom         0x00810000        0x0
 *(.eeprom*)
                0x00810000                __eeprom_end = .

.stab           0x00000000      0x8e8
 *(.stab)
 .stab          0x00000000      0x36c G:/WinAVR/bin/../lib/gcc/avr/3.4.5/../../../../avr/lib/avr4/crtm8.o
 .stab          0x0000036c      0x57c blackie.o
                                0x588 (size before relaxing)

.stabstr        0x00000000      0x761
 *(.stabstr)
 .stabstr       0x00000000      0x761 G:/WinAVR/bin/../lib/gcc/avr/3.4.5/../../../../avr/lib/avr4/crtm8.o

.stab.excl
 *(.stab.excl)

.stab.exclstr
 *(.stab.exclstr)

.stab.index
 *(.stab.index)

.stab.indexstr
 *(.stab.indexstr)

.comment
 *(.comment)

.debug
 *(.debug)

.line
 *(.line)

.debug_srcinfo
 *(.debug_srcinfo)

.debug_sfnames
 *(.debug_sfnames)

.debug_aranges
 *(.debug_aranges)

.debug_pubnames
 *(.debug_pubnames)

.debug_info
 *(.debug_info)
 *(.gnu.linkonce.wi.*)

.debug_abbrev
 *(.debug_abbrev)

.debug_line
 *(.debug_line)

.debug_frame
 *(.debug_frame)

.debug_str
 *(.debug_str)

.debug_loc
 *(.debug_loc)

.debug_macinfo
 *(.debug_macinfo)
OUTPUT(blackie.elf elf32-avr)

Cross Reference Table

Symbol                                            File
MASTER_PWM                                        blackie.o
__bad_interrupt                                   G:/WinAVR/bin/../lib/gcc/avr/3.4.5/../../../../avr/lib/avr4/crtm8.o
__bss_end                                         G:/WinAVR/lib/gcc/avr/3.4.5/avr4\libgcc.a(_clear_bss.o)
__bss_start                                       G:/WinAVR/lib/gcc/avr/3.4.5/avr4\libgcc.a(_clear_bss.o)
__data_end                                        G:/WinAVR/lib/gcc/avr/3.4.5/avr4\libgcc.a(_copy_data.o)
__data_load_start                                 G:/WinAVR/lib/gcc/avr/3.4.5/avr4\libgcc.a(_copy_data.o)
__data_start                                      G:/WinAVR/lib/gcc/avr/3.4.5/avr4\libgcc.a(_copy_data.o)
__divmodhi4                                       G:/WinAVR/lib/gcc/avr/3.4.5/avr4\libgcc.a(_divmodhi4.o)
                                                  blackie.o
__do_clear_bss                                    G:/WinAVR/lib/gcc/avr/3.4.5/avr4\libgcc.a(_clear_bss.o)
                                                  blackie.o
__do_copy_data                                    G:/WinAVR/lib/gcc/avr/3.4.5/avr4\libgcc.a(_copy_data.o)
                                                  blackie.o
__heap_end                                        G:/WinAVR/bin/../lib/gcc/avr/3.4.5/../../../../avr/lib/avr4/crtm8.o
__init                                            G:/WinAVR/bin/../lib/gcc/avr/3.4.5/../../../../avr/lib/avr4/crtm8.o
__stack                                           G:/WinAVR/bin/../lib/gcc/avr/3.4.5/../../../../avr/lib/avr4/crtm8.o
                                                  blackie.o
__udivmodhi4                                      G:/WinAVR/lib/gcc/avr/3.4.5/avr4\libgcc.a(_udivmodhi4.o)
                                                  G:/WinAVR/lib/gcc/avr/3.4.5/avr4\libgcc.a(_divmodhi4.o)
__vector_1                                        G:/WinAVR/bin/../lib/gcc/avr/3.4.5/../../../../avr/lib/avr4/crtm8.o
__vector_10                                       G:/WinAVR/bin/../lib/gcc/avr/3.4.5/../../../../avr/lib/avr4/crtm8.o
__vector_11                                       G:/WinAVR/bin/../lib/gcc/avr/3.4.5/../../../../avr/lib/avr4/crtm8.o
__vector_12                                       G:/WinAVR/bin/../lib/gcc/avr/3.4.5/../../../../avr/lib/avr4/crtm8.o
__vector_13                                       G:/WinAVR/bin/../lib/gcc/avr/3.4.5/../../../../avr/lib/avr4/crtm8.o
__vector_14                                       G:/WinAVR/bin/../lib/gcc/avr/3.4.5/../../../../avr/lib/avr4/crtm8.o
__vector_15                                       G:/WinAVR/bin/../lib/gcc/avr/3.4.5/../../../../avr/lib/avr4/crtm8.o
__vector_16                                       G:/WinAVR/bin/../lib/gcc/avr/3.4.5/../../../../avr/lib/avr4/crtm8.o
__vector_17                                       G:/WinAVR/bin/../lib/gcc/avr/3.4.5/../../../../avr/lib/avr4/crtm8.o
__vector_18                                       G:/WinAVR/bin/../lib/gcc/avr/3.4.5/../../../../avr/lib/avr4/crtm8.o
__vector_2                                        G:/WinAVR/bin/../lib/gcc/avr/3.4.5/../../../../avr/lib/avr4/crtm8.o
__vector_3                                        G:/WinAVR/bin/../lib/gcc/avr/3.4.5/../../../../avr/lib/avr4/crtm8.o
__vector_4                                        G:/WinAVR/bin/../lib/gcc/avr/3.4.5/../../../../avr/lib/avr4/crtm8.o
__vector_5                                        G:/WinAVR/bin/../lib/gcc/avr/3.4.5/../../../../avr/lib/avr4/crtm8.o
__vector_6                                        G:/WinAVR/bin/../lib/gcc/avr/3.4.5/../../../../avr/lib/avr4/crtm8.o
__vector_7                                        G:/WinAVR/bin/../lib/gcc/avr/3.4.5/../../../../avr/lib/avr4/crtm8.o
__vector_8                                        G:/WinAVR/bin/../lib/gcc/avr/3.4.5/../../../../avr/lib/avr4/crtm8.o
__vector_9                                        G:/WinAVR/bin/../lib/gcc/avr/3.4.5/../../../../avr/lib/avr4/crtm8.o
__vector_default                                  G:/WinAVR/bin/../lib/gcc/avr/3.4.5/../../../../avr/lib/avr4/crtm8.o
__vectors                                         G:/WinAVR/bin/../lib/gcc/avr/3.4.5/../../../../avr/lib/avr4/crtm8.o
_div                                              G:/WinAVR/lib/gcc/avr/3.4.5/avr4\libgcc.a(_divmodhi4.o)
calc                                              blackie.o
main                                              blackie.o
                                                  G:/WinAVR/bin/../lib/gcc/avr/3.4.5/../../../../avr/lib/avr4/crtm8.o
